[C:/Мои Web Сайты/partnerwork/backblue.gif]
[C:/Мои Web Сайты/partnerwork/fade.gif]
[C:/Мои Web Сайты/partnerwork/index.html]
[C:/Мои Web Сайты/partnerwork/127.0.0.1_3000/assets/application-0cb8974b2b1862c8fa2ce9c178a304b5c37e7488a65452bbf390b7f7594d662f.js]
[C:/Мои Web Сайты/partnerwork/127.0.0.1_3000/assets/turbo.min-f309baafa3ae5ad6ccee3e7362118b87678d792db8e8ab466c4fa284dd3a4700.js]
[C:/Мои Web Сайты/partnerwork/127.0.0.1_3000/assets/stimulus.min-d03cf1dff41d6c5698ec2c5d6a501615a7a33754dbeef8d1edd31c928d17c652.js]
[C:/Мои Web Сайты/partnerwork/127.0.0.1_3000/assets/stimulus-loading-1fc59770fb1654500044afd3f5f6d7d00800e5be36746d55b94a2963a7a228aa.js]
[C:/Мои Web Сайты/partnerwork/127.0.0.1_3000/assets/es-module-shims.min-d89e73202ec09dede55fb74115af9c5f9f2bb965433de1c2446e1faa6dac2470.js]
[C:/Мои Web Сайты/partnerwork/127.0.0.1_3000/assets/favicon-9bc8104f11db54a4828f00ab789b053038ff720f8e07f48aaaac47d218e92aac.ico]
[C:/Мои Web Сайты/partnerwork/use.fontawesome.com/releases/v5.7.1/css/all.css]
[C:/Мои Web Сайты/partnerwork/sun9-77.userapi.com/impg/BnvYMl7FwStcnlVQk7Zl1YuNhkps189Pk8e-Tg/IZKovkV9RtE313a.jpg]
[C:/Мои Web Сайты/partnerwork/sun9-43.userapi.com/impg/Zk-j24uVqkktRtBhzSI-hwbwYmwq8QR73HPPQg/StsEaMQB69Y8450.jpg]
[C:/Мои Web Сайты/partnerwork/sun9-40.userapi.com/impg/0GEunGk1RxUq7j1Mkhg2m3IhDwyAPnP9mgHYyQ/_l-BTpPtf9k21b1.jpg]
[C:/Мои Web Сайты/partnerwork/sun9-78.userapi.com/impg/FALU7CUzQTuDxWA3h0hDdiy9CkTqIZqSN1_YiA/DLfCPA2_sn8ba9a.jpg]
[C:/Мои Web Сайты/partnerwork/sun9-15.userapi.com/impg/sjB5SO7WbugPqqG5PNP_EnUFLB5QM4Z7Mhowvw/a-2F3mNX2l43356.jpg]
[C:/Мои Web Сайты/partnerwork/sun9-79.userapi.com/impg/COJZNEuYDCqKHVztNZoqqV6EZPHQD3cT9tIDng/JNojIH8skOkc7c8.jpg]
[C:/Мои Web Сайты/partnerwork/sun9-6.userapi.com/impg/jGF0wGbB6l4MC3sDzVwIPScM4f-82gzZ5hyrBA/iy-vxnuOPwUa395.jpg]
[C:/Мои Web Сайты/partnerwork/www.workle.ru/s3storage/commonfiles/49f88ea8-1859-4213-9c3f-ccfb6a1e63c0.jpg]
[C:/Мои Web Сайты/partnerwork/127.0.0.1_3000/index.html]
[C:/Мои Web Сайты/partnerwork/127.0.0.1_3000/assets/actiontext-67f3a0fa06d46abd6315813e220fc26b08ffbccabc5815a85d96f9364f45249d.css]
[C:/Мои Web Сайты/partnerwork/127.0.0.1_3000/assets/application-8c10a25016918fc7fafbbaa2a84047810e77d7861308809ef4eb47997e80f2f7.css]
[C:/Мои Web Сайты/partnerwork/127.0.0.1_3000/assets/all.min-4b20a4b67942c48ce91d2d9665cf7cf8db6d924285f754d8e36a6e8191c639b2.css]
[C:/Мои Web Сайты/partnerwork/use.fontawesome.com/releases/v5.7.1/css/all.css]
[C:/Мои Web Сайты/partnerwork/127.0.0.1_3000/assets/logo-4f0f3ec41889ba6f39760deaf3ffdfcba60453965873c62b8f77d49d2d3ae0e4.svg]
[C:/Мои Web Сайты/partnerwork/127.0.0.1_3000/home/about.html]
[C:/Мои Web Сайты/partnerwork/127.0.0.1_3000/home/contacts.html]
[C:/Мои Web Сайты/partnerwork/127.0.0.1_3000/t.me/partnewwork.html]
[C:/Мои Web Сайты/partnerwork/127.0.0.1_3000/works/8.html]
[C:/Мои Web Сайты/partnerwork/127.0.0.1_3000/works/9.html]
[C:/Мои Web Сайты/partnerwork/127.0.0.1_3000/works/10.html]
[C:/Мои Web Сайты/partnerwork/127.0.0.1_3000/works/11.html]
[C:/Мои Web Сайты/partnerwork/127.0.0.1_3000/works/12.html]
[C:/Мои Web Сайты/partnerwork/127.0.0.1_3000/works/13.html]
[C:/Мои Web Сайты/partnerwork/127.0.0.1_3000/works/14.html]
[C:/Мои Web Сайты/partnerwork/127.0.0.1_3000/works/16.html]
[C:/Мои Web Сайты/partnerwork/127.0.0.1_3000/webfonts/fa-brands-400.html]
[C:/Мои Web Сайты/partnerwork/127.0.0.1_3000/webfonts/fa-brands-400d41d.html]
[C:/Мои Web Сайты/partnerwork/127.0.0.1_3000/webfonts/fa-brands-401.html]
[C:/Мои Web Сайты/partnerwork/127.0.0.1_3000/webfonts/fa-brands-402.html]
[C:/Мои Web Сайты/partnerwork/127.0.0.1_3000/webfonts/fa-brands-403.html]
[C:/Мои Web Сайты/partnerwork/127.0.0.1_3000/webfonts/fa-brands-404.html]
[C:/Мои Web Сайты/partnerwork/127.0.0.1_3000/webfonts/fa-regular-400.html]
[C:/Мои Web Сайты/partnerwork/127.0.0.1_3000/webfonts/fa-regular-400d41d.html]
[C:/Мои Web Сайты/partnerwork/127.0.0.1_3000/webfonts/fa-regular-401.html]
[C:/Мои Web Сайты/partnerwork/127.0.0.1_3000/webfonts/fa-regular-402.html]
[C:/Мои Web Сайты/partnerwork/127.0.0.1_3000/webfonts/fa-regular-403.html]
[C:/Мои Web Сайты/partnerwork/127.0.0.1_3000/webfonts/fa-regular-404.html]
[C:/Мои Web Сайты/partnerwork/127.0.0.1_3000/webfonts/fa-solid-900.html]
[C:/Мои Web Сайты/partnerwork/127.0.0.1_3000/webfonts/fa-solid-900d41d.html]
[C:/Мои Web Сайты/partnerwork/127.0.0.1_3000/webfonts/fa-solid-901.html]
[C:/Мои Web Сайты/partnerwork/127.0.0.1_3000/webfonts/fa-solid-902.html]
[C:/Мои Web Сайты/partnerwork/127.0.0.1_3000/webfonts/fa-solid-903.html]
[C:/Мои Web Сайты/partnerwork/127.0.0.1_3000/webfonts/fa-solid-904.html]
[C:/Мои Web Сайты/partnerwork/127.0.0.1_3000/home/t.me/partnewwork.html]
[C:/Мои Web Сайты/partnerwork/127.0.0.1_3000/works/t.me/partnewwork.html]
